###############################################################################
#
# IAR ELF Linker V8.40.1.212/W32 for ARM                  24/Sep/2019  19:56:13
# Copyright 2007-2019 IAR Systems AB.
#
#    Output file  =
#        C:\Users\rboui\Desktop\COURSES NTU\CE4057
#        TCC\TEST\Source_Code_CE4057\Software\EvalBoards\TI\LM3S9B92-EVALBOT\IAR\uCOS-III-CE4053_PG\Flash\Exe\uCOS-III-Ex4.out
#    Map file     =
#        C:\Users\rboui\Desktop\COURSES NTU\CE4057
#        TCC\TEST\Source_Code_CE4057\Software\EvalBoards\TI\LM3S9B92-EVALBOT\IAR\uCOS-III-CE4053_PG\Flash\List\uCOS-III-Ex4.map
#    Command line =
#        -f C:\Users\rboui\AppData\Local\Temp\EW9BE6.tmp
#        ("C:\Users\rboui\Desktop\COURSES NTU\CE4057
#        TCC\TEST\Source_Code_CE4057\Software\EvalBoards\TI\LM3S9B92-EVALBOT\IAR\uCOS-III-CE4053_PG\Flash\Obj\adc.o"
#        "C:\Users\rboui\Desktop\COURSES NTU\CE4057
#        TCC\TEST\Source_Code_CE4057\Software\EvalBoards\TI\LM3S9B92-EVALBOT\IAR\uCOS-III-CE4053_PG\Flash\Obj\app.o"
#        "C:\Users\rboui\Desktop\COURSES NTU\CE4057
#        TCC\TEST\Source_Code_CE4057\Software\EvalBoards\TI\LM3S9B92-EVALBOT\IAR\uCOS-III-CE4053_PG\Flash\Obj\app_vect.o"
#        "C:\Users\rboui\Desktop\COURSES NTU\CE4057
#        TCC\TEST\Source_Code_CE4057\Software\EvalBoards\TI\LM3S9B92-EVALBOT\IAR\uCOS-III-CE4053_PG\Flash\Obj\bsp.o"
#        "C:\Users\rboui\Desktop\COURSES NTU\CE4057
#        TCC\TEST\Source_Code_CE4057\Software\EvalBoards\TI\LM3S9B92-EVALBOT\IAR\uCOS-III-CE4053_PG\Flash\Obj\bsp_dac.o"
#        "C:\Users\rboui\Desktop\COURSES NTU\CE4057
#        TCC\TEST\Source_Code_CE4057\Software\EvalBoards\TI\LM3S9B92-EVALBOT\IAR\uCOS-III-CE4053_PG\Flash\Obj\bsp_display.o"
#        "C:\Users\rboui\Desktop\COURSES NTU\CE4057
#        TCC\TEST\Source_Code_CE4057\Software\EvalBoards\TI\LM3S9B92-EVALBOT\IAR\uCOS-III-CE4053_PG\Flash\Obj\bsp_int.o"
#        "C:\Users\rboui\Desktop\COURSES NTU\CE4057
#        TCC\TEST\Source_Code_CE4057\Software\EvalBoards\TI\LM3S9B92-EVALBOT\IAR\uCOS-III-CE4053_PG\Flash\Obj\bsp_io.o"
#        "C:\Users\rboui\Desktop\COURSES NTU\CE4057
#        TCC\TEST\Source_Code_CE4057\Software\EvalBoards\TI\LM3S9B92-EVALBOT\IAR\uCOS-III-CE4053_PG\Flash\Obj\bsp_motor.o"
#        "C:\Users\rboui\Desktop\COURSES NTU\CE4057
#        TCC\TEST\Source_Code_CE4057\Software\EvalBoards\TI\LM3S9B92-EVALBOT\IAR\uCOS-III-CE4053_PG\Flash\Obj\bsp_sensors.o"
#        "C:\Users\rboui\Desktop\COURSES NTU\CE4057
#        TCC\TEST\Source_Code_CE4057\Software\EvalBoards\TI\LM3S9B92-EVALBOT\IAR\uCOS-III-CE4053_PG\Flash\Obj\can.o"
#        "C:\Users\rboui\Desktop\COURSES NTU\CE4057
#        TCC\TEST\Source_Code_CE4057\Software\EvalBoards\TI\LM3S9B92-EVALBOT\IAR\uCOS-III-CE4053_PG\Flash\Obj\comp.o"
#        "C:\Users\rboui\Desktop\COURSES NTU\CE4057
#        TCC\TEST\Source_Code_CE4057\Software\EvalBoards\TI\LM3S9B92-EVALBOT\IAR\uCOS-III-CE4053_PG\Flash\Obj\cpu_.o"
#        "C:\Users\rboui\Desktop\COURSES NTU\CE4057
#        TCC\TEST\Source_Code_CE4057\Software\EvalBoards\TI\LM3S9B92-EVALBOT\IAR\uCOS-III-CE4053_PG\Flash\Obj\cpu_a.o"
#        "C:\Users\rboui\Desktop\COURSES NTU\CE4057
#        TCC\TEST\Source_Code_CE4057\Software\EvalBoards\TI\LM3S9B92-EVALBOT\IAR\uCOS-III-CE4053_PG\Flash\Obj\cpu_bsp.o"
#        "C:\Users\rboui\Desktop\COURSES NTU\CE4057
#        TCC\TEST\Source_Code_CE4057\Software\EvalBoards\TI\LM3S9B92-EVALBOT\IAR\uCOS-III-CE4053_PG\Flash\Obj\cpu_c.o"
#        "C:\Users\rboui\Desktop\COURSES NTU\CE4057
#        TCC\TEST\Source_Code_CE4057\Software\EvalBoards\TI\LM3S9B92-EVALBOT\IAR\uCOS-III-CE4053_PG\Flash\Obj\cpu_core.o"
#        "C:\Users\rboui\Desktop\COURSES NTU\CE4057
#        TCC\TEST\Source_Code_CE4057\Software\EvalBoards\TI\LM3S9B92-EVALBOT\IAR\uCOS-III-CE4053_PG\Flash\Obj\epi.o"
#        "C:\Users\rboui\Desktop\COURSES NTU\CE4057
#        TCC\TEST\Source_Code_CE4057\Software\EvalBoards\TI\LM3S9B92-EVALBOT\IAR\uCOS-III-CE4053_PG\Flash\Obj\ethernet.o"
#        "C:\Users\rboui\Desktop\COURSES NTU\CE4057
#        TCC\TEST\Source_Code_CE4057\Software\EvalBoards\TI\LM3S9B92-EVALBOT\IAR\uCOS-III-CE4053_PG\Flash\Obj\fatfs.o"
#        "C:\Users\rboui\Desktop\COURSES NTU\CE4057
#        TCC\TEST\Source_Code_CE4057\Software\EvalBoards\TI\LM3S9B92-EVALBOT\IAR\uCOS-III-CE4053_PG\Flash\Obj\flash.o"
#        "C:\Users\rboui\Desktop\COURSES NTU\CE4057
#        TCC\TEST\Source_Code_CE4057\Software\EvalBoards\TI\LM3S9B92-EVALBOT\IAR\uCOS-III-CE4053_PG\Flash\Obj\gpio.o"
#        "C:\Users\rboui\Desktop\COURSES NTU\CE4057
#        TCC\TEST\Source_Code_CE4057\Software\EvalBoards\TI\LM3S9B92-EVALBOT\IAR\uCOS-III-CE4053_PG\Flash\Obj\hibernate.o"
#        "C:\Users\rboui\Desktop\COURSES NTU\CE4057
#        TCC\TEST\Source_Code_CE4057\Software\EvalBoards\TI\LM3S9B92-EVALBOT\IAR\uCOS-III-CE4053_PG\Flash\Obj\i2c.o"
#        "C:\Users\rboui\Desktop\COURSES NTU\CE4057
#        TCC\TEST\Source_Code_CE4057\Software\EvalBoards\TI\LM3S9B92-EVALBOT\IAR\uCOS-III-CE4053_PG\Flash\Obj\i2s.o"
#        "C:\Users\rboui\Desktop\COURSES NTU\CE4057
#        TCC\TEST\Source_Code_CE4057\Software\EvalBoards\TI\LM3S9B92-EVALBOT\IAR\uCOS-III-CE4053_PG\Flash\Obj\interrupt.o"
#        "C:\Users\rboui\Desktop\COURSES NTU\CE4057
#        TCC\TEST\Source_Code_CE4057\Software\EvalBoards\TI\LM3S9B92-EVALBOT\IAR\uCOS-III-CE4053_PG\Flash\Obj\lib_ascii.o"
#        "C:\Users\rboui\Desktop\COURSES NTU\CE4057
#        TCC\TEST\Source_Code_CE4057\Software\EvalBoards\TI\LM3S9B92-EVALBOT\IAR\uCOS-III-CE4053_PG\Flash\Obj\lib_math.o"
#        "C:\Users\rboui\Desktop\COURSES NTU\CE4057
#        TCC\TEST\Source_Code_CE4057\Software\EvalBoards\TI\LM3S9B92-EVALBOT\IAR\uCOS-III-CE4053_PG\Flash\Obj\lib_mem.o"
#        "C:\Users\rboui\Desktop\COURSES NTU\CE4057
#        TCC\TEST\Source_Code_CE4057\Software\EvalBoards\TI\LM3S9B92-EVALBOT\IAR\uCOS-III-CE4053_PG\Flash\Obj\lib_str.o"
#        "C:\Users\rboui\Desktop\COURSES NTU\CE4057
#        TCC\TEST\Source_Code_CE4057\Software\EvalBoards\TI\LM3S9B92-EVALBOT\IAR\uCOS-III-CE4053_PG\Flash\Obj\microsd.o"
#        "C:\Users\rboui\Desktop\COURSES NTU\CE4057
#        TCC\TEST\Source_Code_CE4057\Software\EvalBoards\TI\LM3S9B92-EVALBOT\IAR\uCOS-III-CE4053_PG\Flash\Obj\mpu.o"
#        "C:\Users\rboui\Desktop\COURSES NTU\CE4057
#        TCC\TEST\Source_Code_CE4057\Software\EvalBoards\TI\LM3S9B92-EVALBOT\IAR\uCOS-III-CE4053_PG\Flash\Obj\os_app_hooks.o"
#        "C:\Users\rboui\Desktop\COURSES NTU\CE4057
#        TCC\TEST\Source_Code_CE4057\Software\EvalBoards\TI\LM3S9B92-EVALBOT\IAR\uCOS-III-CE4053_PG\Flash\Obj\os_cfg_app.o"
#        "C:\Users\rboui\Desktop\COURSES NTU\CE4057
#        TCC\TEST\Source_Code_CE4057\Software\EvalBoards\TI\LM3S9B92-EVALBOT\IAR\uCOS-III-CE4053_PG\Flash\Obj\os_core.o"
#        "C:\Users\rboui\Desktop\COURSES NTU\CE4057
#        TCC\TEST\Source_Code_CE4057\Software\EvalBoards\TI\LM3S9B92-EVALBOT\IAR\uCOS-III-CE4053_PG\Flash\Obj\os_cpu_a.o"
#        "C:\Users\rboui\Desktop\COURSES NTU\CE4057
#        TCC\TEST\Source_Code_CE4057\Software\EvalBoards\TI\LM3S9B92-EVALBOT\IAR\uCOS-III-CE4053_PG\Flash\Obj\os_cpu_c.o"
#        "C:\Users\rboui\Desktop\COURSES NTU\CE4057
#        TCC\TEST\Source_Code_CE4057\Software\EvalBoards\TI\LM3S9B92-EVALBOT\IAR\uCOS-III-CE4053_PG\Flash\Obj\os_dbg.o"
#        "C:\Users\rboui\Desktop\COURSES NTU\CE4057
#        TCC\TEST\Source_Code_CE4057\Software\EvalBoards\TI\LM3S9B92-EVALBOT\IAR\uCOS-III-CE4053_PG\Flash\Obj\os_flag.o"
#        "C:\Users\rboui\Desktop\COURSES NTU\CE4057
#        TCC\TEST\Source_Code_CE4057\Software\EvalBoards\TI\LM3S9B92-EVALBOT\IAR\uCOS-III-CE4053_PG\Flash\Obj\os_int.o"
#        "C:\Users\rboui\Desktop\COURSES NTU\CE4057
#        TCC\TEST\Source_Code_CE4057\Software\EvalBoards\TI\LM3S9B92-EVALBOT\IAR\uCOS-III-CE4053_PG\Flash\Obj\os_mem.o"
#        "C:\Users\rboui\Desktop\COURSES NTU\CE4057
#        TCC\TEST\Source_Code_CE4057\Software\EvalBoards\TI\LM3S9B92-EVALBOT\IAR\uCOS-III-CE4053_PG\Flash\Obj\os_msg.o"
#        "C:\Users\rboui\Desktop\COURSES NTU\CE4057
#        TCC\TEST\Source_Code_CE4057\Software\EvalBoards\TI\LM3S9B92-EVALBOT\IAR\uCOS-III-CE4053_PG\Flash\Obj\os_mutex.o"
#        "C:\Users\rboui\Desktop\COURSES NTU\CE4057
#        TCC\TEST\Source_Code_CE4057\Software\EvalBoards\TI\LM3S9B92-EVALBOT\IAR\uCOS-III-CE4053_PG\Flash\Obj\os_pend_multi.o"
#        "C:\Users\rboui\Desktop\COURSES NTU\CE4057
#        TCC\TEST\Source_Code_CE4057\Software\EvalBoards\TI\LM3S9B92-EVALBOT\IAR\uCOS-III-CE4053_PG\Flash\Obj\os_prio.o"
#        "C:\Users\rboui\Desktop\COURSES NTU\CE4057
#        TCC\TEST\Source_Code_CE4057\Software\EvalBoards\TI\LM3S9B92-EVALBOT\IAR\uCOS-III-CE4053_PG\Flash\Obj\os_q.o"
#        "C:\Users\rboui\Desktop\COURSES NTU\CE4057
#        TCC\TEST\Source_Code_CE4057\Software\EvalBoards\TI\LM3S9B92-EVALBOT\IAR\uCOS-III-CE4053_PG\Flash\Obj\os_sem.o"
#        "C:\Users\rboui\Desktop\COURSES NTU\CE4057
#        TCC\TEST\Source_Code_CE4057\Software\EvalBoards\TI\LM3S9B92-EVALBOT\IAR\uCOS-III-CE4053_PG\Flash\Obj\os_stat.o"
#        "C:\Users\rboui\Desktop\COURSES NTU\CE4057
#        TCC\TEST\Source_Code_CE4057\Software\EvalBoards\TI\LM3S9B92-EVALBOT\IAR\uCOS-III-CE4053_PG\Flash\Obj\os_task.o"
#        "C:\Users\rboui\Desktop\COURSES NTU\CE4057
#        TCC\TEST\Source_Code_CE4057\Software\EvalBoards\TI\LM3S9B92-EVALBOT\IAR\uCOS-III-CE4053_PG\Flash\Obj\os_tick.o"
#        "C:\Users\rboui\Desktop\COURSES NTU\CE4057
#        TCC\TEST\Source_Code_CE4057\Software\EvalBoards\TI\LM3S9B92-EVALBOT\IAR\uCOS-III-CE4053_PG\Flash\Obj\os_time.o"
#        "C:\Users\rboui\Desktop\COURSES NTU\CE4057
#        TCC\TEST\Source_Code_CE4057\Software\EvalBoards\TI\LM3S9B92-EVALBOT\IAR\uCOS-III-CE4053_PG\Flash\Obj\os_tmr.o"
#        "C:\Users\rboui\Desktop\COURSES NTU\CE4057
#        TCC\TEST\Source_Code_CE4057\Software\EvalBoards\TI\LM3S9B92-EVALBOT\IAR\uCOS-III-CE4053_PG\Flash\Obj\os_var.o"
#        "C:\Users\rboui\Desktop\COURSES NTU\CE4057
#        TCC\TEST\Source_Code_CE4057\Software\EvalBoards\TI\LM3S9B92-EVALBOT\IAR\uCOS-III-CE4053_PG\Flash\Obj\pwm.o"
#        "C:\Users\rboui\Desktop\COURSES NTU\CE4057
#        TCC\TEST\Source_Code_CE4057\Software\EvalBoards\TI\LM3S9B92-EVALBOT\IAR\uCOS-III-CE4053_PG\Flash\Obj\qei.o"
#        "C:\Users\rboui\Desktop\COURSES NTU\CE4057
#        TCC\TEST\Source_Code_CE4057\Software\EvalBoards\TI\LM3S9B92-EVALBOT\IAR\uCOS-III-CE4053_PG\Flash\Obj\ssi.o"
#        "C:\Users\rboui\Desktop\COURSES NTU\CE4057
#        TCC\TEST\Source_Code_CE4057\Software\EvalBoards\TI\LM3S9B92-EVALBOT\IAR\uCOS-III-CE4053_PG\Flash\Obj\sysctl.o"
#        "C:\Users\rboui\Desktop\COURSES NTU\CE4057
#        TCC\TEST\Source_Code_CE4057\Software\EvalBoards\TI\LM3S9B92-EVALBOT\IAR\uCOS-III-CE4053_PG\Flash\Obj\systick.o"
#        "C:\Users\rboui\Desktop\COURSES NTU\CE4057
#        TCC\TEST\Source_Code_CE4057\Software\EvalBoards\TI\LM3S9B92-EVALBOT\IAR\uCOS-III-CE4053_PG\Flash\Obj\timer.o"
#        "C:\Users\rboui\Desktop\COURSES NTU\CE4057
#        TCC\TEST\Source_Code_CE4057\Software\EvalBoards\TI\LM3S9B92-EVALBOT\IAR\uCOS-III-CE4053_PG\Flash\Obj\uart.o"
#        "C:\Users\rboui\Desktop\COURSES NTU\CE4057
#        TCC\TEST\Source_Code_CE4057\Software\EvalBoards\TI\LM3S9B92-EVALBOT\IAR\uCOS-III-CE4053_PG\Flash\Obj\udma.o"
#        "C:\Users\rboui\Desktop\COURSES NTU\CE4057
#        TCC\TEST\Source_Code_CE4057\Software\EvalBoards\TI\LM3S9B92-EVALBOT\IAR\uCOS-III-CE4053_PG\Flash\Obj\usb.o"
#        "C:\Users\rboui\Desktop\COURSES NTU\CE4057
#        TCC\TEST\Source_Code_CE4057\Software\EvalBoards\TI\LM3S9B92-EVALBOT\IAR\uCOS-III-CE4053_PG\Flash\Obj\watchdog.o"
#        --redirect _Printf=_PrintfFull --redirect _Scanf=_ScanfFull
#        --no_out_extension -o "C:\Users\rboui\Desktop\COURSES NTU\CE4057
#        TCC\TEST\Source_Code_CE4057\Software\EvalBoards\TI\LM3S9B92-EVALBOT\IAR\uCOS-III-CE4053_PG\Flash\Exe\uCOS-III-Ex4.out"
#        --map "C:\Users\rboui\Desktop\COURSES NTU\CE4057
#        TCC\TEST\Source_Code_CE4057\Software\EvalBoards\TI\LM3S9B92-EVALBOT\IAR\uCOS-III-CE4053_PG\Flash\List\uCOS-III-Ex4.map"
#        --config "C:\Users\rboui\Desktop\COURSES NTU\CE4057
#        TCC\TEST\Source_Code_CE4057\Software\EvalBoards\TI\LM3S9B92-EVALBOT\IAR\uCOS-III-CE4053_PG\..\BSP\LM3S9B92_Flash.icf"
#        --semihosting --entry __iar_program_start --vfe --text_out locale)
#
###############################################################################

*******************************************************************************
*** RUNTIME MODEL ATTRIBUTES
***

CppFlavor       = *
__Heap_Handler  = Basic
__SystemLibrary = DLib
__dlib_version  = 6


*******************************************************************************
*** HEAP SELECTION
***

The basic heap was selected because some modules are built with
size limitations (and not runtime checking), and --advanced_heap
was not specified.


*******************************************************************************
*** PLACEMENT SUMMARY
***

"A0":  place at start of [from 0x0 to 0x3'ffff] { ro section .intvec };
"P1":  place in [from 0x0 to 0x3'ffff] { ro };
"P2":  place in [from 0x0 to 0x3'ffff] { section wave_1 };
"P3":  place in [from 0x0 to 0x3'ffff] { section wave_2 };
"P4":  place in [from 0x0 to 0x3'ffff] { section wave_3 };
"P5":  place in [from 0x0 to 0x3'ffff] { section wave_4 };
"P6":  place in [from 0x0 to 0x3'ffff] { section wave_5 };
define block HEAP with size = 0, alignment = 8 { };
define block CSTACK with size = 1K, alignment = 8 { };
"P7":  place in [from 0x2000'0000 to 0x2001'7fff] {
          rw, block HEAP, block CSTACK };
initialize by copy { rw };

No sections matched the following patterns:

  section wave_1  in "P1-P6"
  section wave_2  in "P1-P6"
  section wave_3  in "P1-P6"
  section wave_4  in "P1-P6"
  section wave_5  in "P1-P6"


  Section            Kind         Address    Size  Object
  -------            ----         -------    ----  ------
"A0":                                       0x11c
  .intvec            const            0x0   0x11c  app_vect.o [1]
                                  - 0x11c   0x11c

"P1-P6":                                   0x6497
  .text              ro code        0x11c  0x10c6  xprintffull.o [2]
  .text              ro code       0x11e2    0x3a  zero_init3.o [4]
  .text              ro code       0x121c    0x7c  xlocale_c.o [2]
  .text              ro code       0x1298    0x16  strchr.o [4]
  .text              ro code       0x12ae    0x1e  xencoding_8859_1.o [2]
  .text              ro code       0x12cc    0x40  xfail_s.o [2]
  .text              ro code       0x130c    0x36  strlen.o [4]
  .rodata            const         0x1342     0x2  os_cfg_app.o [1]
  .text              ro code       0x1344    0x58  memchr.o [4]
  .text              ro code       0x139c    0xa6  ABImemcpy.o [4]
  .rodata            const         0x1442     0x2  os_cfg_app.o [1]
  .text              ro code       0x1444    0x70  frexp.o [3]
  .text              ro code       0x14b4    0x2e  DblCmpLe.o [3]
  .rodata            const         0x14e2     0x2  os_cfg_app.o [1]
  .text              ro code       0x14e4    0x2e  DblCmpGe.o [3]
  .rodata            const         0x1512     0x2  os_cfg_app.o [1]
  .text              ro code       0x1514   0x13a  ldexp.o [3]
  .rodata            const         0x164e     0x2  os_cfg_app.o [1]
  .text              ro code       0x1650    0x3a  DblToS32.o [3]
  .rodata            const         0x168a     0x2  os_dbg.o [1]
  .text              ro code       0x168c    0x22  S32ToDbl.o [3]
  .rodata            const         0x16ae     0x2  os_dbg.o [1]
  .text              ro code       0x16b0    0xe2  DblSub.o [3]
  .rodata            const         0x1792     0x2  os_dbg.o [1]
  .text              ro code       0x1794   0x246  DblDiv.o [3]
  .rodata            const         0x19da     0x2  os_dbg.o [1]
  .text              ro code       0x19dc    0x28  DblToU32.o [3]
  .text              ro code       0x1a04    0x1a  U32ToDbl.o [3]
  .rodata            const         0x1a1e     0x2  os_dbg.o [1]
  .text              ro code       0x1a20   0x1a2  DblMul.o [3]
  .text              ro code       0x1bc2     0xa  xmbcurmax.o [2]
  .text              ro code       0x1bcc   0x230  I64DivMod.o [4]
  .text              ro code       0x1dfc     0x6  abort.o [2]
  .rodata            const         0x1e02     0x2  os_dbg.o [1]
  .text              ro code       0x1e04   0x16a  DblAdd.o [3]
  .rodata            const         0x1f6e     0x2  os_dbg.o [1]
  .text              ro code       0x1f70     0x2  I64DivZer.o [4]
  .rodata            const         0x1f72     0x2  os_dbg.o [1]
  .text              ro code       0x1f74    0x14  exit.o [5]
  .text              ro code       0x1f88    0x7c  iarttio.o [5]
  .text              ro code       0x2004    0x3c  XShttio.o [2]
  .text              ro code       0x2040   0x866  os_core.o [1]
  .rodata            const         0x28a6     0x2  os_dbg.o [1]
  .text              ro code       0x28a8   0x148  os_cpu_c.o [1]
  .text              ro code       0x29f0    0x90  os_prio.o [1]
  .text              ro code       0x2a80   0x6e0  os_task.o [1]
  .text              ro code       0x3160   0x578  os_tick.o [1]
  .text              ro code       0x36d8    0xc4  os_msg.o [1]
  .text              ro code       0x379c    0x1c  os_mutex.o [1]
  .text              ro code       0x37b8    0x1c  os_q.o [1]
  .text              ro code       0x37d4   0x2e0  os_tmr.o [1]
  .text              ro code       0x3ab4   0x16c  os_dbg.o [1]
  .text              ro code       0x3c20    0xac  os_cfg_app.o [1]
  CODE               ro code       0x3ccc    0x2a  cpu_a.o [1]
  .rodata            const         0x3cf6     0x2  os_dbg.o [1]
  .text              ro code       0x3cf8   0x188  cpu_core.o [1]
  CODE               ro code       0x3e80    0x84  os_cpu_a.o [1]
  .text              ro code       0x3f04    0x24  cpu_bsp.o [1]
  .text              ro code       0x3f28    0x44  os_time.o [1]
  .text              ro code       0x3f6c    0xb0  rand.o [2]
  .text              ro code       0x401c    0x3c  fprintf.o [2]
  .text              ro code       0x4058    0x60  lib_mem.o [1]
  .text              ro code       0x40b8    0xa8  bsp.o [1]
  .text              ro code       0x4160   0x414  sysctl.o [1]
  .text              ro code       0x4574   0x256  bsp_int.o [1]
  .rodata            const         0x47ca     0x2  os_dbg.o [1]
  .text              ro code       0x47cc   0x258  bsp_display.o [1]
  .text              ro code       0x4a24    0xcc  bsp_io.o [1]
  .text              ro code       0x4af0   0x164  bsp_sensors.o [1]
  .text              ro code       0x4c54   0x208  bsp_motor.o [1]
  .text              ro code       0x4e5c   0x138  cpu_c.o [1]
  .text              ro code       0x4f94    0xc2  i2c.o [1]
  .rodata            const         0x5056     0x2  os_dbg.o [1]
  .text              ro code       0x5058   0x368  gpio.o [1]
  .text              ro code       0x53c0    0xf2  pwm.o [1]
  .rodata            const         0x54b2     0x2  os_dbg.o [1]
  .text              ro code       0x54b4   0x3ec  app.o [1]
  .text              ro code       0x58a0     0x4  time_trampoline.o [2]
  .text              ro code       0x58a4    0x12  time.o [5]
  .rodata            const         0x58b6     0x2  os_dbg.o [1]
  .text              ro code       0x58b8   0x138  heap0.o [2]
  .text              ro code       0x59f0    0x2c  xgetmemchunk.o [2]
  .text              ro code       0x5a1c    0xd8  xfspos.o [2]
  .text              ro code       0x5af4    0xac  fflush.o [2]
  .text              ro code       0x5ba0     0xc  xfgpos.o [2]
  .text              ro code       0x5bac    0x4a  lseek.o [5]
  .text              ro code       0x5bf6    0x10  write.o [5]
  .rodata            const         0x5c06     0x2  os_dbg.o [1]
  .text              ro code       0x5c08    0xcc  XShHandles.o [2]
  .text              ro code       0x5cd4    0x1e  dwrite.o [5]
  .text              ro code       0x5cf2    0x20  iarwstd.o [5]
  .text              ro code       0x5d12    0x22  iarwrite.o [5]
  .text              ro code       0x5d34    0xb4  xfwprep.o [2]
  .text              ro code       0x5de8    0x24  fseek.o [2]
  .text              ro code       0x5e0c    0x9c  xfofind.o [2]
  .text              ro code       0x5ea8     0x4  heaptramp0.o [2]
  .text              ro code       0x5eac    0x7e  fclose.o [2]
  .text              ro code       0x5f2a    0x18  close.o [5]
  .text              ro code       0x5f42    0x14  remove.o [5]
  .text              ro code       0x5f56    0x78  lz77_init_single.o [4]
  .rodata            const         0x5fce     0x2  os_dbg.o [1]
  .rodata            const         0x5fd0    0x5c  sysctl.o [1]
  .text              ro code       0x602c    0x54  fputc.o [2]
  .rodata            const         0x6080    0x50  bsp_display.o [1]
  .rodata            const         0x60d0    0x48  gpio.o [1]
  .text              ro code       0x6118    0x3c  xcloseall.o [2]
  .rodata            const         0x6154    0x34  os_dbg.o [1]
  .rodata            const         0x6188    0x30  os_dbg.o [1]
  .rodata            const         0x61b8    0x2c  os_dbg.o [1]
  .rodata            const         0x61e4    0x28  os_dbg.o [1]
  .rodata            const         0x620c    0x28  os_dbg.o [1]
  .rodata            const         0x6234    0x28  os_tick.o [1]
  .text              ro code       0x625c    0x28  data_init.o [4]
  .iar.init_table    const         0x6284    0x20  - Linker created -
  .rodata            const         0x62a4    0x20  os_dbg.o [1]
  .rodata            const         0x62c4    0x20  os_tick.o [1]
  .text              ro code       0x62e4    0x1e  cmain.o [4]
  .text              ro code       0x6302     0x4  low_level_init.o [2]
  .text              ro code       0x6306     0x4  exit.o [2]
  .rodata            const         0x630a     0x2  os_dbg.o [1]
  .text              ro code       0x630c     0xe  cexit.o [4]
  .rodata            const         0x631a     0x2  os_dbg.o [1]
  .rodata            const         0x631c    0x18  os_tick.o [1]
  .rodata            const         0x6334    0x18  os_tmr.o [1]
  .text              ro code       0x634c    0x18  xfprout.o [2]
  .rodata            const         0x6364    0x14  app.o [1]
  .rodata            const         0x6378    0x14  app.o [1]
  .rodata            const         0x638c    0x14  os_core.o [1]
  .rodata            const         0x63a0    0x14  os_tick.o [1]
  .rodata            const         0x63b4    0x14  os_tick.o [1]
  .rodata            const         0x63c8    0x10  app.o [1]
  .rodata            const         0x63d8    0x10  app.o [1]
  .rodata            const         0x63e8    0x10  os_tick.o [1]
  .rodata            const         0x63f8    0x10  os_tick.o [1]
  .rodata            const         0x6408     0xc  os_core.o [1]
  .rodata            const         0x6414     0xc  os_tick.o [1]
  .rodata            const         0x6420     0xc  os_tick.o [1]
  .rodata            const         0x642c     0xc  os_tick.o [1]
  .rodata            const         0x6438     0xc  os_tick.o [1]
  .rodata            const         0x6444     0xc  sysctl.o [1]
  .rodata            const         0x6450     0xc  sysctl.o [1]
  .text              ro code       0x645c     0xc  app_vect.o [1]
  .text              ro code       0x6468     0xc  cstartup_M.o [4]
  .rodata            const         0x6474     0x8  app.o [1]
  .rodata            const         0x647c     0x8  bsp_display.o [1]
  .rodata            const         0x6484     0x8  bsp_display.o [1]
  .rodata            const         0x648c     0x8  os_core.o [1]
  .rodata            const         0x6494     0x8  os_task.o [1]
  .rodata            const         0x649c     0x8  os_tick.o [1]
  .rodata            const         0x64a4     0x4  os_cfg_app.o [1]
  .rodata            const         0x64a8     0x4  os_cfg_app.o [1]
  .rodata            const         0x64ac     0x4  os_cfg_app.o [1]
  .rodata            const         0x64b0     0x4  os_cfg_app.o [1]
  .rodata            const         0x64b4     0x4  os_cfg_app.o [1]
  .rodata            const         0x64b8     0x4  os_cfg_app.o [1]
  .rodata            const         0x64bc     0x4  os_cfg_app.o [1]
  .rodata            const         0x64c0     0x4  os_cfg_app.o [1]
  .rodata            const         0x64c4     0x4  os_cfg_app.o [1]
  .rodata            const         0x64c8     0x4  os_cfg_app.o [1]
  .rodata            const         0x64cc     0x4  os_cfg_app.o [1]
  .rodata            const         0x64d0     0x4  os_cfg_app.o [1]
  .rodata            const         0x64d4     0x4  os_cfg_app.o [1]
  .rodata            const         0x64d8     0x4  os_cfg_app.o [1]
  .rodata            const         0x64dc     0x4  os_cfg_app.o [1]
  .rodata            const         0x64e0     0x4  os_cfg_app.o [1]
  .rodata            const         0x64e4     0x4  os_cfg_app.o [1]
  .rodata            const         0x64e8     0x4  os_cfg_app.o [1]
  .rodata            const         0x64ec     0x4  os_cfg_app.o [1]
  .rodata            const         0x64f0     0x4  os_cfg_app.o [1]
  .rodata            const         0x64f4     0x4  os_cfg_app.o [1]
  .rodata            const         0x64f8     0x4  os_cfg_app.o [1]
  .rodata            const         0x64fc     0x4  os_cfg_app.o [1]
  .rodata            const         0x6500     0x4  os_dbg.o [1]
  .rodata            const         0x6504     0x4  os_dbg.o [1]
  .rodata            const         0x6508     0x4  os_dbg.o [1]
  .rodata            const         0x650c     0x2  os_dbg.o [1]
  .rodata            const         0x650e     0x2  xlocale_c.o [2]
  .rodata            const         0x6510     0x2  xlocale_c.o [2]
  .rodata            const         0x6512     0x1  os_dbg.o [1]
  .rodata            const         0x6513     0x1  os_dbg.o [1]
  .rodata            const         0x6514     0x1  os_dbg.o [1]
  .rodata            const         0x6515     0x1  os_dbg.o [1]
  .rodata            const         0x6516     0x1  os_dbg.o [1]
  .rodata            const         0x6517     0x1  os_dbg.o [1]
  .rodata            const         0x6518     0x1  os_dbg.o [1]
  .rodata            const         0x6519     0x1  os_dbg.o [1]
  .rodata            const         0x651a     0x1  os_dbg.o [1]
  .rodata            const         0x651b     0x1  os_dbg.o [1]
  .rodata            const         0x651c     0x1  os_dbg.o [1]
  .rodata            const         0x651d     0x1  os_dbg.o [1]
  .rodata            const         0x651e     0x1  os_dbg.o [1]
  .rodata            const         0x651f     0x1  os_dbg.o [1]
  .rodata            const         0x6520     0x1  os_dbg.o [1]
  .rodata            const         0x6521     0x1  os_dbg.o [1]
  .rodata            const         0x6522     0x1  os_dbg.o [1]
  .rodata            const         0x6523     0x1  os_dbg.o [1]
  .rodata            const         0x6524     0x1  os_dbg.o [1]
  .rodata            const         0x6525     0x1  os_dbg.o [1]
  .rodata            const         0x6526     0x1  os_dbg.o [1]
  .rodata            const         0x6527     0x1  os_dbg.o [1]
  .rodata            const         0x6528     0x1  os_dbg.o [1]
  .rodata            const         0x6529     0x1  os_dbg.o [1]
  .rodata            const         0x652a     0x1  os_dbg.o [1]
  .rodata            const         0x652b     0x1  os_dbg.o [1]
  .rodata            const         0x652c     0x1  os_dbg.o [1]
  .rodata            const         0x652d     0x1  os_dbg.o [1]
  .rodata            const         0x652e     0x1  os_dbg.o [1]
  .rodata            const         0x652f     0x1  os_dbg.o [1]
  .rodata            const         0x6530     0x1  os_dbg.o [1]
  .rodata            const         0x6531     0x1  os_dbg.o [1]
  .rodata            const         0x6532     0x1  xlocale_c.o [2]
  .text              ro code       0x6534     0x0  cstart_closeall.o [4]
  .rodata            const         0x6534     0x0  zero_init3.o [4]
  .rodata            const         0x6534     0x0  lz77_init_single.o [4]
  Initializer bytes  const         0x6534    0x7f  <for P7-1>
                                 - 0x65b3  0x6497

"P7", part 1 of 3:                          0x188
  P7-1                        0x2000'0000   0x188  <Init block>
    .data            inited   0x2000'0000    0x48  xfiles.o [2]
    .data            inited   0x2000'0048    0x48  xfiles.o [2]
    .data            inited   0x2000'0090    0x48  xfiles.o [2]
    .data            inited   0x2000'00d8    0x20  xfiles.o [2]
    .data            inited   0x2000'00f8     0x8  rand.o [2]
    .data            inited   0x2000'0100    0x38  xlocale_c.o [2]
    .data            inited   0x2000'0138    0x48  xlocale_c.o [2]
    .data            inited   0x2000'0180     0x8  XShttio.o [2]
                            - 0x2000'0188   0x188

"P7", part 2 of 3:                         0x38ac
  .bss               zero     0x2000'0188  0x1770  os_var.o [1]
  .bss               zero     0x2000'18f8   0x640  os_cfg_app.o [1]
  .bss               zero     0x2000'1f38   0x400  app.o [1]
  .bss               zero     0x2000'2338   0x200  app.o [1]
  .bss               zero     0x2000'2538   0x200  app.o [1]
  .bss               zero     0x2000'2738   0x200  app.o [1]
  .bss               zero     0x2000'2938   0x200  os_cfg_app.o [1]
  .bss               zero     0x2000'2b38   0x200  os_cfg_app.o [1]
  .bss               zero     0x2000'2d38   0x200  os_cfg_app.o [1]
  .bss               zero     0x2000'2f38   0x200  os_cfg_app.o [1]
  .bss               zero     0x2000'3138   0x118  bsp_int.o [1]
  .bss               zero     0x2000'3250    0xa4  app.o [1]
  .bss               zero     0x2000'32f4    0xa4  app.o [1]
  .bss               zero     0x2000'3398    0xa4  app.o [1]
  .bss               zero     0x2000'343c    0xa4  app.o [1]
  .bss               zero     0x2000'34e0    0xa4  os_var.o [1]
  .bss               zero     0x2000'3584    0xa4  os_var.o [1]
  .bss               zero     0x2000'3628    0xa4  os_var.o [1]
  .bss               zero     0x2000'36cc    0x84  rand.o [2]
  .bss               zero     0x2000'3750    0x80  XShHandles.o [2]
  .bss               zero     0x2000'37d0    0x68  os_cfg_app.o [1]
  .bss               zero     0x2000'3838    0x68  os_cfg_app.o [1]
  .bss               zero     0x2000'38a0    0x50  xfiles.o [2]
  .bss               zero     0x2000'38f0    0x50  xfiles.o [2]
  .bss               zero     0x2000'3940    0x40  os_prio.o [1]
  .bss               zero     0x2000'3980    0x10  cpu_core.o [1]
  .bss               zero     0x2000'3990     0x8  os_tick.o [1]
  .bss               zero     0x2000'3998     0x8  os_var.o [1]
  .bss               zero     0x2000'39a0     0x8  heap0.o [2]
  .bss               zero     0x2000'39a8     0x4  bsp.o [1]
  .bss               zero     0x2000'39ac     0x4  bsp_display.o [1]
  .bss               zero     0x2000'39b0     0x4  cpu_core.o [1]
  .bss               zero     0x2000'39b4     0x4  cpu_core.o [1]
  .bss               zero     0x2000'39b8     0x4  cpu_core.o [1]
  .bss               zero     0x2000'39bc     0x4  cpu_core.o [1]
  .bss               zero     0x2000'39c0     0x4  cpu_core.o [1]
  .bss               zero     0x2000'39c4     0x4  cpu_core.o [1]
  .bss               zero     0x2000'39c8     0x4  os_cpu_c.o [1]
  .bss               zero     0x2000'39cc     0x4  os_tick.o [1]
  .bss               zero     0x2000'39d0     0x4  os_var.o [1]
  .bss               zero     0x2000'39d4     0x4  os_var.o [1]
  .bss               zero     0x2000'39d8     0x4  os_var.o [1]
  .bss               zero     0x2000'39dc     0x4  os_var.o [1]
  .bss               zero     0x2000'39e0     0x4  os_var.o [1]
  .bss               zero     0x2000'39e4     0x4  os_var.o [1]
  .bss               zero     0x2000'39e8     0x4  os_var.o [1]
  .bss               zero     0x2000'39ec     0x4  os_var.o [1]
  .bss               zero     0x2000'39f0     0x4  os_var.o [1]
  .bss               zero     0x2000'39f4     0x4  os_var.o [1]
  .bss               zero     0x2000'39f8     0x4  os_var.o [1]
  .bss               zero     0x2000'39fc     0x4  os_var.o [1]
  .bss               zero     0x2000'3a00     0x4  os_var.o [1]
  .bss               zero     0x2000'3a04     0x4  os_var.o [1]
  .bss               zero     0x2000'3a08     0x4  os_var.o [1]
  .bss               zero     0x2000'3a0c     0x4  os_var.o [1]
  .bss               zero     0x2000'3a10     0x4  os_var.o [1]
  .bss               zero     0x2000'3a14     0x4  xfail_s.o [2]
  .bss               zero     0x2000'3a18     0x4  xgetmemchunk.o [2]
  .bss               zero     0x2000'3a1c     0x2  cpu_core.o [1]
  .bss               zero     0x2000'3a1e     0x2  cpu_core.o [1]
  .bss               zero     0x2000'3a20     0x2  os_var.o [1]
  .bss               zero     0x2000'3a22     0x2  os_var.o [1]
  .bss               zero     0x2000'3a24     0x2  os_var.o [1]
  .bss               zero     0x2000'3a26     0x2  os_var.o [1]
  .bss               zero     0x2000'3a28     0x2  os_var.o [1]
  .bss               zero     0x2000'3a2a     0x1  app.o [1]
  .bss               zero     0x2000'3a2b     0x1  app.o [1]
  .bss               zero     0x2000'3a2c     0x1  app.o [1]
  .bss               zero     0x2000'3a2d     0x1  app.o [1]
  .bss               zero     0x2000'3a2e     0x1  app.o [1]
  .bss               zero     0x2000'3a2f     0x1  os_var.o [1]
  .bss               zero     0x2000'3a30     0x1  os_var.o [1]
  .bss               zero     0x2000'3a31     0x1  os_var.o [1]
  .bss               zero     0x2000'3a32     0x1  XShttio.o [2]
                            - 0x2000'3a33  0x38ab

"P7", part 3 of 3:                          0x400
  HEAP                        0x2000'3a38     0x0  <Block>
  CSTACK                      0x2000'3a38   0x400  <Block>
    CSTACK           uninit   0x2000'3a38   0x400  <Block tail>
                            - 0x2000'3e38   0x400

Unused ranges:

         From           To      Size
         ----           --      ----
       0x65b3     0x3'ffff  0x3'9a4d
  0x2000'3a34  0x2000'3a37       0x4
  0x2000'3e38  0x2001'7fff  0x1'41c8


*******************************************************************************
*** INIT TABLE
***

          Address      Size
          -------      ----
Zero (__iar_zero_init3)
    1 destination range, total size 0x38ab:
          0x2000'0188  0x38ab

Copy/lz77 (__iar_lz77_init_single3)
    1 source range, total size 0x7f (32% of destination):
               0x6534    0x7f
    1 destination range, total size 0x188:
          0x2000'0000   0x188



*******************************************************************************
*** MODULE SUMMARY
***

    Module              ro code  ro data  rw data
    ------              -------  -------  -------
command line/config:
    ---------------------------------------------
    Total:

C:\Users\rboui\Desktop\COURSES NTU\CE4057 TCC\TEST\Source_Code_CE4057\Software\EvalBoards\TI\LM3S9B92-EVALBOT\IAR\uCOS-III-CE4053_PG\Flash\Obj: [1]
    app.o                 1'004       80    3'221
    app_vect.o               12      284
    bsp.o                   168                 4
    bsp_display.o           600       96        4
    bsp_int.o               598               280
    bsp_io.o                204
    bsp_motor.o             520
    bsp_sensors.o           356
    cpu_a.o                  42
    cpu_bsp.o                36
    cpu_c.o                 312
    cpu_core.o              392                44
    gpio.o                  872       72
    i2c.o                   194
    lib_mem.o                96
    os_cfg_app.o            172      102    3'856
    os_core.o             2'150       40
    os_cpu_a.o              132
    os_cpu_c.o              328                 4
    os_dbg.o                364      338
    os_msg.o                196
    os_mutex.o               28
    os_prio.o               144                64
    os_q.o                   28
    os_task.o             1'760        8
    os_tick.o             1'400      224       12
    os_time.o                68
    os_tmr.o                736       24
    os_var.o                                6'581
    pwm.o                   242
    sysctl.o              1'044      116
    ---------------------------------------------
    Total:               14'198    1'384   14'070

dl7M_tlf.a: [2]
    XShHandles.o            204               128
    XShttio.o                60        3        9
    abort.o                   6
    exit.o                    4
    fclose.o                126
    fflush.o                172
    fprintf.o                60
    fputc.o                  84
    fseek.o                  36
    heap0.o                 312                 8
    heaptramp0.o              4
    low_level_init.o          4
    rand.o                  176        2      140
    time_trampoline.o         4
    xcloseall.o              60
    xencoding_8859_1.o       30
    xfail_s.o                64                 4
    xfgpos.o                 12
    xfiles.o                          80      408
    xfofind.o               156
    xfprout.o                24
    xfspos.o                216
    xfwprep.o               180
    xgetmemchunk.o           44                 4
    xlocale_c.o             124       47      128
    xmbcurmax.o              10
    xprintffull.o         4'294
    ---------------------------------------------
    Total:                6'466      132      829

m7M_tl.a: [3]
    DblAdd.o                362
    DblCmpGe.o               46
    DblCmpLe.o               46
    DblDiv.o                582
    DblMul.o                418
    DblSub.o                226
    DblToS32.o               58
    DblToU32.o               40
    S32ToDbl.o               34
    U32ToDbl.o               26
    frexp.o                 112
    ldexp.o                 314
    ---------------------------------------------
    Total:                2'264

rt7M_tl.a: [4]
    ABImemcpy.o             166
    I64DivMod.o             560
    I64DivZer.o               2
    cexit.o                  14
    cmain.o                  30
    cstart_closeall.o
    cstartup_M.o             12
    data_init.o              40
    lz77_init_single.o      120
    memchr.o                 88
    strchr.o                 22
    strlen.o                 54
    zero_init3.o             58
    ---------------------------------------------
    Total:                1'166

shb_l.a: [5]
    close.o                  24
    dwrite.o                 30
    exit.o                   20
    iarttio.o               124
    iarwrite.o               34
    iarwstd.o                32
    lseek.o                  74
    remove.o                 20
    time.o                   18
    write.o                  16
    ---------------------------------------------
    Total:                  392

    Gaps                      1
    Linker created                    32    1'024
-------------------------------------------------
    Grand Total:         24'487    1'548   15'923


*******************************************************************************
*** ENTRY LIST
***

Entry                       Address    Size  Type      Object
-----                       -------    ----  ----      ------
.iar.init_table$$Base        0x6284           --   Gb  - Linker created -
.iar.init_table$$Limit       0x62a4           --   Gb  - Linker created -
?main                        0x62e5          Code  Gb  cmain.o [4]
Aldata                  0x2000'39a0     0x8  Data  Lc  heap0.o [2]
AppRobotMotorDriveSensorEnable
                             0x5693    0x20  Code  Lc  app.o [1]
AppTaskBW                    0x5669    0x2a  Code  Lc  app.o [1]
AppTaskBWStk            0x2000'2738   0x200  Data  Lc  app.o [1]
AppTaskBWTCB            0x2000'343c    0xa4  Data  Lc  app.o [1]
AppTaskBlink                 0x55f1    0x42  Code  Lc  app.o [1]
AppTaskBlinkStk         0x2000'2338   0x200  Data  Lc  app.o [1]
AppTaskBlinkTCB         0x2000'32f4    0xa4  Data  Lc  app.o [1]
AppTaskFW                    0x5635    0x34  Code  Lc  app.o [1]
AppTaskFWStk            0x2000'2538   0x200  Data  Lc  app.o [1]
AppTaskFWTCB            0x2000'3398    0xa4  Data  Lc  app.o [1]
AppTaskStart                 0x5511    0xe0  Code  Lc  app.o [1]
AppTaskStartStk         0x2000'1f38   0x400  Data  Lc  app.o [1]
AppTaskStartTCB         0x2000'3250    0xa4  Data  Lc  app.o [1]
App_BusFault_ISR             0x6461     0x2  Code  Lc  app_vect.o [1]
App_Fault_ISR                0x645f     0x2  Code  Lc  app_vect.o [1]
App_MemFault_ISR             0x6465     0x2  Code  Lc  app_vect.o [1]
App_NMI_ISR                  0x645d     0x2  Code  Lc  app_vect.o [1]
App_Spurious_ISR             0x6467     0x2  Code  Lc  app_vect.o [1]
App_UsageFault_ISR           0x6463     0x2  Code  Lc  app_vect.o [1]
BSP_BumpSensorsInit          0x4af1    0x1a  Code  Gb  bsp_sensors.o [1]
BSP_CPUClkFreq               0x411d    0x12  Code  Gb  bsp.o [1]
BSP_CPU_ClkFreq_MHz     0x2000'39a8     0x4  Data  Gb  bsp.o [1]
BSP_DisplayClear             0x48a3    0x4c  Code  Gb  bsp_display.o [1]
BSP_DisplayInit              0x4925    0xd2  Code  Gb  bsp_display.o [1]
BSP_DisplayOn                0x48ef    0x36  Code  Gb  bsp_display.o [1]
BSP_DisplayWriteArray        0x4825    0x3e  Code  Lc  bsp_display.o [1]
BSP_DisplayWriteByte         0x47f3    0x32  Code  Lc  bsp_display.o [1]
BSP_DisplayWriteFinal        0x4863    0x40  Code  Lc  bsp_display.o [1]
BSP_DisplayWriteFirst        0x47cd    0x26  Code  Lc  bsp_display.o [1]
BSP_Init                     0x40b9    0x64  Code  Gb  bsp.o [1]
BSP_IntDisAll                0x4575     0x8  Code  Gb  bsp_int.o [1]
BSP_IntEn                    0x457d    0x10  Code  Gb  bsp_int.o [1]
BSP_IntHandler               0x47a3    0x20  Code  Lc  bsp_int.o [1]
BSP_IntHandlerADC0           0x4627     0xa  Code  Gb  bsp_int.o [1]
BSP_IntHandlerADC1           0x4631     0xa  Code  Gb  bsp_int.o [1]
BSP_IntHandlerADC1_0         0x475d     0xa  Code  Gb  bsp_int.o [1]
BSP_IntHandlerADC1_1         0x4767     0xa  Code  Gb  bsp_int.o [1]
BSP_IntHandlerADC1_2         0x4771     0xa  Code  Gb  bsp_int.o [1]
BSP_IntHandlerADC1_3         0x477b     0xa  Code  Gb  bsp_int.o [1]
BSP_IntHandlerADC2           0x463b     0xa  Code  Gb  bsp_int.o [1]
BSP_IntHandlerADC3           0x4645     0xa  Code  Gb  bsp_int.o [1]
BSP_IntHandlerCAN0           0x4717     0xa  Code  Gb  bsp_int.o [1]
BSP_IntHandlerCAN1           0x4721     0xa  Code  Gb  bsp_int.o [1]
BSP_IntHandlerCOMP0          0x4695     0xa  Code  Gb  bsp_int.o [1]
BSP_IntHandlerCOMP1          0x469f     0xa  Code  Gb  bsp_int.o [1]
BSP_IntHandlerCOMP2          0x46a9     0xa  Code  Gb  bsp_int.o [1]
BSP_IntHandlerDummy          0x47c9     0x2  Code  Lc  bsp_int.o [1]
BSP_IntHandlerEPI            0x478f     0xa  Code  Gb  bsp_int.o [1]
BSP_IntHandlerETH            0x472b     0xa  Code  Gb  bsp_int.o [1]
BSP_IntHandlerFLASH          0x46bd     0xa  Code  Gb  bsp_int.o [1]
BSP_IntHandlerGPIOA          0x45cd     0xa  Code  Gb  bsp_int.o [1]
BSP_IntHandlerGPIOB          0x45d7     0xa  Code  Gb  bsp_int.o [1]
BSP_IntHandlerGPIOC          0x45e1     0xa  Code  Gb  bsp_int.o [1]
BSP_IntHandlerGPIOD          0x45eb     0xa  Code  Gb  bsp_int.o [1]
BSP_IntHandlerGPIOE          0x45f5     0xa  Code  Gb  bsp_int.o [1]
BSP_IntHandlerGPIOF          0x46c7     0xa  Code  Gb  bsp_int.o [1]
BSP_IntHandlerGPIOG          0x46d1     0xa  Code  Gb  bsp_int.o [1]
BSP_IntHandlerGPIOH          0x46db     0xa  Code  Gb  bsp_int.o [1]
BSP_IntHandlerGPIOJ          0x4799     0xa  Code  Gb  bsp_int.o [1]
BSP_IntHandlerHIBERNATE
                             0x4735     0xa  Code  Gb  bsp_int.o [1]
BSP_IntHandlerI2C0           0x461d     0xa  Code  Gb  bsp_int.o [1]
BSP_IntHandlerI2C1           0x470d     0xa  Code  Gb  bsp_int.o [1]
BSP_IntHandlerI2S0           0x4785     0xa  Code  Gb  bsp_int.o [1]
BSP_IntHandlerSSI0           0x4613     0xa  Code  Gb  bsp_int.o [1]
BSP_IntHandlerSSI1           0x46ef     0xa  Code  Gb  bsp_int.o [1]
BSP_IntHandlerSYSCTL         0x46b3     0xa  Code  Gb  bsp_int.o [1]
BSP_IntHandlerTIMER0A        0x4659     0xa  Code  Gb  bsp_int.o [1]
BSP_IntHandlerTIMER0B        0x4663     0xa  Code  Gb  bsp_int.o [1]
BSP_IntHandlerTIMER1A        0x466d     0xa  Code  Gb  bsp_int.o [1]
BSP_IntHandlerTIMER1B        0x4677     0xa  Code  Gb  bsp_int.o [1]
BSP_IntHandlerTIMER2A        0x4681     0xa  Code  Gb  bsp_int.o [1]
BSP_IntHandlerTIMER2B        0x468b     0xa  Code  Gb  bsp_int.o [1]
BSP_IntHandlerTIMER3A        0x46f9     0xa  Code  Gb  bsp_int.o [1]
BSP_IntHandlerTIMER3B        0x4703     0xa  Code  Gb  bsp_int.o [1]
BSP_IntHandlerUART0          0x45ff     0xa  Code  Gb  bsp_int.o [1]
BSP_IntHandlerUART1          0x4609     0xa  Code  Gb  bsp_int.o [1]
BSP_IntHandlerUART2          0x46e5     0xa  Code  Gb  bsp_int.o [1]
BSP_IntHandlerUDMA_ERR       0x4753     0xa  Code  Gb  bsp_int.o [1]
BSP_IntHandlerUDMA_SW        0x4749     0xa  Code  Gb  bsp_int.o [1]
BSP_IntHandlerUSB            0x473f     0xa  Code  Gb  bsp_int.o [1]
BSP_IntHandlerWATCHDOG       0x464f     0xa  Code  Gb  bsp_int.o [1]
BSP_IntInit                  0x45b5    0x18  Code  Gb  bsp_int.o [1]
BSP_IntVectSet               0x458d    0x28  Code  Gb  bsp_int.o [1]
BSP_IntVectTbl          0x2000'3138   0x118  Data  Lc  bsp_int.o [1]
BSP_LED_Off                  0x4a51    0x36  Code  Gb  bsp_io.o [1]
BSP_LED_Toggle               0x4a87    0x60  Code  Gb  bsp_io.o [1]
BSP_LEDsInit                 0x4a3f    0x12  Code  Gb  bsp_io.o [1]
BSP_MotorDir                 0x4d37    0x44  Code  Gb  bsp_motor.o [1]
BSP_MotorRun                 0x4d7b    0x1c  Code  Gb  bsp_motor.o [1]
BSP_MotorSpeed               0x4dcb    0x7e  Code  Gb  bsp_motor.o [1]
BSP_MotorStop                0x4d97    0x34  Code  Gb  bsp_motor.o [1]
BSP_MotorsInit               0x4c55    0xe2  Code  Gb  bsp_motor.o [1]
BSP_PushButtonsInit          0x4a25    0x1a  Code  Gb  bsp_io.o [1]
BSP_WheelSensorEnable        0x4bb3     0xe  Code  Gb  bsp_sensors.o [1]
BSP_WheelSensorIntEnable
                             0x4bc1    0x86  Code  Gb  bsp_sensors.o [1]
BSP_WheelSensorsInit         0x4b0b    0xa8  Code  Gb  bsp_sensors.o [1]
CPU_CntLeadZeros             0x3ce3          Code  Gb  cpu_a.o [1]
CPU_Init                     0x3cf9    0x10  Code  Gb  cpu_core.o [1]
CPU_IntDis                   0x3ccd          Code  Gb  cpu_a.o [1]
CPU_IntDisMeasCtr       0x2000'3a1c     0x2  Data  Gb  cpu_core.o [1]
CPU_IntDisMeasInit           0x3dd3    0x78  Code  Lc  cpu_core.o [1]
CPU_IntDisMeasMaxCalc        0x3e4b    0x12  Code  Lc  cpu_core.o [1]
CPU_IntDisMeasMaxCurGet
                             0x3d4d    0x18  Code  Gb  cpu_core.o [1]
CPU_IntDisMeasMaxCurReset
                             0x3d31    0x1c  Code  Gb  cpu_core.o [1]
CPU_IntDisMeasMaxCur_cnts
                        0x2000'39c0     0x4  Data  Gb  cpu_core.o [1]
CPU_IntDisMeasMax_cnts  0x2000'39c4     0x4  Data  Gb  cpu_core.o [1]
CPU_IntDisMeasOvrhd_cnts
                        0x2000'39bc     0x4  Data  Gb  cpu_core.o [1]
CPU_IntDisMeasStart          0x3d65    0x22  Code  Gb  cpu_core.o [1]
CPU_IntDisMeasStart_cnts
                        0x2000'39b4     0x4  Data  Gb  cpu_core.o [1]
CPU_IntDisMeasStop           0x3d87    0x36  Code  Gb  cpu_core.o [1]
CPU_IntDisMeasStop_cnts
                        0x2000'39b8     0x4  Data  Gb  cpu_core.o [1]
CPU_IntDisNestCtr       0x2000'3a1e     0x2  Data  Gb  cpu_core.o [1]
CPU_IntEn                    0x3cd1          Code  Gb  cpu_a.o [1]
CPU_IntSrcEn                 0x4e5d   0x126  Code  Gb  cpu_c.o [1]
CPU_Name                0x2000'3980    0x10  Data  Gb  cpu_core.o [1]
CPU_NameClr                  0x3d09    0x22  Code  Gb  cpu_core.o [1]
CPU_NameInit                 0x3dbd     0x8  Code  Lc  cpu_core.o [1]
CPU_RevBits                  0x3ce9          Code  Gb  cpu_a.o [1]
CPU_SR_Restore               0x3cdd          Code  Gb  cpu_a.o [1]
CPU_SR_Save                  0x3cd5          Code  Gb  cpu_a.o [1]
CPU_TS_Init                  0x3dc5     0xe  Code  Lc  cpu_core.o [1]
CPU_TS_TmrFreqSet            0x3d2b     0x6  Code  Gb  cpu_core.o [1]
CPU_TS_TmrFreq_Hz       0x2000'39b0     0x4  Data  Gb  cpu_core.o [1]
CPU_TS_TmrInit               0x3f05    0x16  Code  Gb  cpu_bsp.o [1]
CPU_TS_TmrRd                 0x3f1b     0x6  Code  Gb  cpu_bsp.o [1]
CPU_WaitForExcept            0x3cf3          Code  Gb  cpu_a.o [1]
CPU_WaitForInt               0x3cef          Code  Gb  cpu_a.o [1]
CSTACK$$Base            0x2000'3a38           --   Gb  - Linker created -
CSTACK$$Limit           0x2000'3e38           --   Gb  - Linker created -
CacheMore                    0x1221    0x28  Code  Lc  xlocale_c.o [2]
GPIODirModeSet               0x5059    0x52  Code  Gb  gpio.o [1]
GPIOIntTypeSet               0x50ab    0x78  Code  Gb  gpio.o [1]
GPIOPadConfigSet             0x5123   0x15c  Code  Gb  gpio.o [1]
GPIOPinConfigure             0x5371    0x46  Code  Gb  gpio.o [1]
GPIOPinIntClear              0x52bf     0xc  Code  Gb  gpio.o [1]
GPIOPinIntDisable            0x5293    0x14  Code  Gb  gpio.o [1]
GPIOPinIntEnable             0x527f    0x14  Code  Gb  gpio.o [1]
GPIOPinIntStatus             0x52a7    0x18  Code  Gb  gpio.o [1]
GPIOPinRead                  0x52cb     0xa  Code  Gb  gpio.o [1]
GPIOPinTypeGPIOInput         0x52e9    0x22  Code  Gb  gpio.o [1]
GPIOPinTypeGPIOOutput        0x530b    0x22  Code  Gb  gpio.o [1]
GPIOPinTypeI2C               0x532d    0x22  Code  Gb  gpio.o [1]
GPIOPinTypePWM               0x534f    0x22  Code  Gb  gpio.o [1]
GPIOPinWrite                 0x52d5    0x14  Code  Gb  gpio.o [1]
HEAP$$Base              0x2000'3a38           --   Gb  - Linker created -
HEAP$$Limit             0x2000'3a38           --   Gb  - Linker created -
I2CMasterControl             0x5025     0x6  Code  Gb  i2c.o [1]
I2CMasterDataPut             0x504b     0xc  Code  Gb  i2c.o [1]
I2CMasterEnable              0x4fcb    0x12  Code  Gb  i2c.o [1]
I2CMasterErr                 0x502b    0x20  Code  Gb  i2c.o [1]
I2CMasterInitExpClk          0x4f95    0x36  Code  Gb  i2c.o [1]
I2CMasterIntStatus           0x4fdd    0x2c  Code  Gb  i2c.o [1]
I2CMasterSlaveAddrSet        0x5011    0x14  Code  Gb  i2c.o [1]
IntWheelSensor               0x56b5    0xbc  Code  Gb  app.o [1]
IntWheelSensor::CountL  0x2000'3a2c     0x1  Data  Lc  app.o [1]
IntWheelSensor::CountR  0x2000'3a2d     0x1  Data  Lc  app.o [1]
IntWheelSensor::data    0x2000'3a2e     0x1  Data  Lc  app.o [1]
Left_tgt                0x2000'3a2a     0x1  Data  Gb  app.o [1]
Mem_Clr                      0x4059     0xc  Code  Gb  lib_mem.o [1]
Mem_Set                      0x4065    0x54  Code  Gb  lib_mem.o [1]
OSCfg_DataSizeRAM            0x64fc     0x4  Data  Gb  os_cfg_app.o [1]
OSCfg_ISRStk            0x2000'2b38   0x200  Data  Gb  os_cfg_app.o [1]
OSCfg_ISRStkBasePtr          0x64b4     0x4  Data  Gb  os_cfg_app.o [1]
OSCfg_ISRStkSize             0x64b8     0x4  Data  Gb  os_cfg_app.o [1]
OSCfg_ISRStkSizeRAM          0x64bc     0x4  Data  Gb  os_cfg_app.o [1]
OSCfg_IdleTaskStk       0x2000'2938   0x200  Data  Gb  os_cfg_app.o [1]
OSCfg_IdleTaskStkBasePtr
                             0x64a4     0x4  Data  Gb  os_cfg_app.o [1]
OSCfg_IdleTaskStkLimit       0x64a8     0x4  Data  Gb  os_cfg_app.o [1]
OSCfg_IdleTaskStkSize        0x64ac     0x4  Data  Gb  os_cfg_app.o [1]
OSCfg_IdleTaskStkSizeRAM
                             0x64b0     0x4  Data  Gb  os_cfg_app.o [1]
OSCfg_Init                   0x3c21    0xac  Code  Gb  os_cfg_app.o [1]
OSCfg_MsgPool           0x2000'18f8   0x640  Data  Gb  os_cfg_app.o [1]
OSCfg_MsgPoolBasePtr         0x64c4     0x4  Data  Gb  os_cfg_app.o [1]
OSCfg_MsgPoolSize            0x1342     0x2  Data  Gb  os_cfg_app.o [1]
OSCfg_MsgPoolSizeRAM         0x64c0     0x4  Data  Gb  os_cfg_app.o [1]
OSCfg_StkSizeMin             0x64c8     0x4  Data  Gb  os_cfg_app.o [1]
OSCfg_TickRate_Hz            0x64cc     0x4  Data  Gb  os_cfg_app.o [1]
OSCfg_TickTaskPrio           0x1442     0x2  Data  Gb  os_cfg_app.o [1]
OSCfg_TickTaskStk       0x2000'2d38   0x200  Data  Gb  os_cfg_app.o [1]
OSCfg_TickTaskStkBasePtr
                             0x64d0     0x4  Data  Gb  os_cfg_app.o [1]
OSCfg_TickTaskStkLimit       0x64d4     0x4  Data  Gb  os_cfg_app.o [1]
OSCfg_TickTaskStkSize        0x64d8     0x4  Data  Gb  os_cfg_app.o [1]
OSCfg_TickTaskStkSizeRAM
                             0x64dc     0x4  Data  Gb  os_cfg_app.o [1]
OSCfg_TickWheel         0x2000'37d0    0x68  Data  Gb  os_cfg_app.o [1]
OSCfg_TickWheelSize          0x14e2     0x2  Data  Gb  os_cfg_app.o [1]
OSCfg_TickWheelSizeRAM       0x64e0     0x4  Data  Gb  os_cfg_app.o [1]
OSCfg_TmrTaskPrio            0x1512     0x2  Data  Gb  os_cfg_app.o [1]
OSCfg_TmrTaskRate_Hz         0x64e4     0x4  Data  Gb  os_cfg_app.o [1]
OSCfg_TmrTaskStk        0x2000'2f38   0x200  Data  Gb  os_cfg_app.o [1]
OSCfg_TmrTaskStkBasePtr
                             0x64e8     0x4  Data  Gb  os_cfg_app.o [1]
OSCfg_TmrTaskStkLimit        0x64ec     0x4  Data  Gb  os_cfg_app.o [1]
OSCfg_TmrTaskStkSize         0x64f0     0x4  Data  Gb  os_cfg_app.o [1]
OSCfg_TmrTaskStkSizeRAM
                             0x64f4     0x4  Data  Gb  os_cfg_app.o [1]
OSCfg_TmrWheel          0x2000'3838    0x68  Data  Gb  os_cfg_app.o [1]
OSCfg_TmrWheelSize           0x164e     0x2  Data  Gb  os_cfg_app.o [1]
OSCfg_TmrWheelSizeRAM        0x64f8     0x4  Data  Gb  os_cfg_app.o [1]
OSDbg_AppHooksEn             0x6513     0x1  Data  Gb  os_dbg.o [1]
OSDbg_ArgChkEn               0x6512     0x1  Data  Gb  os_dbg.o [1]
OSDbg_CalledFromISRChkEn
                             0x6514     0x1  Data  Gb  os_dbg.o [1]
OSDbg_DataSize               0x6508     0x4  Data  Gb  os_dbg.o [1]
OSDbg_DbgEn                  0x168a     0x2  Data  Gb  os_dbg.o [1]
OSDbg_EndiannessTest         0x6500     0x4  Data  Gb  os_dbg.o [1]
OSDbg_FlagEn                 0x6515     0x1  Data  Gb  os_dbg.o [1]
OSDbg_FlagGrp                0x61e4    0x28  Data  Gb  os_dbg.o [1]
OSDbg_ISRPostDeferredEn
                             0x6516     0x1  Data  Gb  os_dbg.o [1]
OSDbg_Mem                    0x62a4    0x20  Data  Gb  os_dbg.o [1]
OSDbg_MemEn                  0x6517     0x1  Data  Gb  os_dbg.o [1]
OSDbg_MsgEn                  0x6518     0x1  Data  Gb  os_dbg.o [1]
OSDbg_MsgPoolSize            0x1792     0x2  Data  Gb  os_dbg.o [1]
OSDbg_MsgQSize               0x19da     0x2  Data  Gb  os_dbg.o [1]
OSDbg_MsgSize                0x16ae     0x2  Data  Gb  os_dbg.o [1]
OSDbg_Mutex                  0x61b8    0x2c  Data  Gb  os_dbg.o [1]
OSDbg_MutexDelEn             0x651a     0x1  Data  Gb  os_dbg.o [1]
OSDbg_MutexEn                0x6519     0x1  Data  Gb  os_dbg.o [1]
OSDbg_MutexPendAbortEn       0x651b     0x1  Data  Gb  os_dbg.o [1]
OSDbg_MutexSize              0x1a1e     0x2  Data  Gb  os_dbg.o [1]
OSDbg_ObjTypeChkEn           0x651c     0x1  Data  Gb  os_dbg.o [1]
OSDbg_PendDataSize           0x1e02     0x2  Data  Gb  os_dbg.o [1]
OSDbg_PendListSize           0x1f6e     0x2  Data  Gb  os_dbg.o [1]
OSDbg_PendMultiEn            0x651d     0x1  Data  Gb  os_dbg.o [1]
OSDbg_PendObjSize            0x1f72     0x2  Data  Gb  os_dbg.o [1]
OSDbg_PrioMax                0x28a6     0x2  Data  Gb  os_dbg.o [1]
OSDbg_PrioTblSize            0x3cf6     0x2  Data  Gb  os_dbg.o [1]
OSDbg_PtrSize                0x47ca     0x2  Data  Gb  os_dbg.o [1]
OSDbg_Q                      0x6188    0x30  Data  Gb  os_dbg.o [1]
OSDbg_QDelEn                 0x651f     0x1  Data  Gb  os_dbg.o [1]
OSDbg_QEn                    0x651e     0x1  Data  Gb  os_dbg.o [1]
OSDbg_QFlushEn               0x6520     0x1  Data  Gb  os_dbg.o [1]
OSDbg_QPendAbortEn           0x6521     0x1  Data  Gb  os_dbg.o [1]
OSDbg_QSize                  0x5056     0x2  Data  Gb  os_dbg.o [1]
OSDbg_RdyList                0x54b2     0x2  Data  Gb  os_dbg.o [1]
OSDbg_RdyListSize            0x6504     0x4  Data  Gb  os_dbg.o [1]
OSDbg_SchedRoundRobinEn
                             0x6522     0x1  Data  Gb  os_dbg.o [1]
OSDbg_Sem                    0x620c    0x28  Data  Gb  os_dbg.o [1]
OSDbg_SemEn                  0x6523     0x1  Data  Gb  os_dbg.o [1]
OSDbg_StatTaskEn             0x6525     0x1  Data  Gb  os_dbg.o [1]
OSDbg_StatTaskStkChkEn       0x6526     0x1  Data  Gb  os_dbg.o [1]
OSDbg_StkWidth               0x6524     0x1  Data  Gb  os_dbg.o [1]
OSDbg_TCBSize                0x5c06     0x2  Data  Gb  os_dbg.o [1]
OSDbg_TaskChangePrioEn       0x6527     0x1  Data  Gb  os_dbg.o [1]
OSDbg_TaskDelEn              0x6528     0x1  Data  Gb  os_dbg.o [1]
OSDbg_TaskProfileEn          0x652b     0x1  Data  Gb  os_dbg.o [1]
OSDbg_TaskQEn                0x6529     0x1  Data  Gb  os_dbg.o [1]
OSDbg_TaskQPendAbortEn       0x652a     0x1  Data  Gb  os_dbg.o [1]
OSDbg_TaskRegTblSize         0x58b6     0x2  Data  Gb  os_dbg.o [1]
OSDbg_TaskSemPendAbortEn
                             0x652c     0x1  Data  Gb  os_dbg.o [1]
OSDbg_TaskSuspendEn          0x652d     0x1  Data  Gb  os_dbg.o [1]
OSDbg_TickSpokeSize          0x5fce     0x2  Data  Gb  os_dbg.o [1]
OSDbg_TimeDlyHMSMEn          0x652e     0x1  Data  Gb  os_dbg.o [1]
OSDbg_TimeDlyResumeEn        0x652f     0x1  Data  Gb  os_dbg.o [1]
OSDbg_Tmr                    0x6154    0x34  Data  Gb  os_dbg.o [1]
OSDbg_TmrDelEn               0x6531     0x1  Data  Gb  os_dbg.o [1]
OSDbg_TmrEn                  0x6530     0x1  Data  Gb  os_dbg.o [1]
OSDbg_TmrSize                0x630a     0x2  Data  Gb  os_dbg.o [1]
OSDbg_TmrSpokeSize           0x631a     0x2  Data  Gb  os_dbg.o [1]
OSDbg_VersionNbr             0x650c     0x2  Data  Gb  os_dbg.o [1]
OSIdleTaskCtr           0x2000'39d0     0x4  Data  Gb  os_var.o [1]
OSIdleTaskHook               0x28a9     0x2  Code  Gb  os_cpu_c.o [1]
OSIdleTaskTCB           0x2000'34e0    0xa4  Data  Gb  os_var.o [1]
OSInit                       0x2041    0xc2  Code  Gb  os_core.o [1]
OSInitHook                   0x28ab    0x14  Code  Gb  os_cpu_c.o [1]
OSIntEnter                   0x2103    0x1c  Code  Gb  os_core.o [1]
OSIntExit                    0x211f    0x98  Code  Gb  os_core.o [1]
OSIntNestingCtr         0x2000'3a2f     0x1  Data  Gb  os_var.o [1]
OSMsgPool               0x2000'3998     0x8  Data  Gb  os_var.o [1]
OSMutexDbgListPtr       0x2000'39d4     0x4  Data  Gb  os_var.o [1]
OSMutexQty              0x2000'3a20     0x2  Data  Gb  os_var.o [1]
OSPrioCur               0x2000'3a22     0x2  Data  Gb  os_var.o [1]
OSPrioHighRdy           0x2000'3a24     0x2  Data  Gb  os_var.o [1]
OSPrioTbl               0x2000'3940    0x40  Data  Gb  os_prio.o [1]
OSQDbgListPtr           0x2000'39d8     0x4  Data  Gb  os_var.o [1]
OSQQty                  0x2000'3a26     0x2  Data  Gb  os_var.o [1]
OSRdyList               0x2000'0188  0x1770  Data  Gb  os_var.o [1]
OSRunning               0x2000'3a30     0x1  Data  Gb  os_var.o [1]
OSSched                      0x21b7    0x6a  Code  Gb  os_core.o [1]
OSSchedLock                  0x2221    0x60  Code  Gb  os_core.o [1]
OSSchedLockNestingCtr   0x2000'3a31     0x1  Data  Gb  os_var.o [1]
OSSchedLockTimeBegin    0x2000'39dc     0x4  Data  Gb  os_var.o [1]
OSSchedLockTimeMax      0x2000'39e0     0x4  Data  Gb  os_var.o [1]
OSSchedLockTimeMaxCur   0x2000'39e4     0x4  Data  Gb  os_var.o [1]
OSSchedUnlock                0x2281    0x7c  Code  Gb  os_core.o [1]
OSStart                      0x22fd    0x52  Code  Gb  os_core.o [1]
OSStartHighRdy               0x3e81          Code  Gb  os_cpu_a.o [1]
OSTCBCurPtr             0x2000'3a0c     0x4  Data  Gb  os_var.o [1]
OSTCBHighRdyPtr         0x2000'3a10     0x4  Data  Gb  os_var.o [1]
OSTaskCreate                 0x2a81   0x128  Code  Gb  os_task.o [1]
OSTaskCreateHook             0x28bf     0x2  Code  Gb  os_cpu_c.o [1]
OSTaskCtxSwCtr          0x2000'39e8     0x4  Data  Gb  os_var.o [1]
OSTaskDbgListPtr        0x2000'39ec     0x4  Data  Gb  os_var.o [1]
OSTaskDel                    0x2cc1    0xfe  Code  Gb  os_task.o [1]
OSTaskDelHook                0x28c1     0x2  Code  Gb  os_cpu_c.o [1]
OSTaskPeriodicCreate         0x2ba9   0x118  Code  Gb  os_task.o [1]
OSTaskQty               0x2000'3a28     0x2  Data  Gb  os_var.o [1]
OSTaskReturnHook             0x28c3     0x2  Code  Gb  os_cpu_c.o [1]
OSTaskSemPend                0x2dbf   0x126  Code  Gb  os_task.o [1]
OSTaskSemPost                0x2ee5    0x1c  Code  Gb  os_task.o [1]
OSTaskStkInit                0x28c5    0x7e  Code  Gb  os_cpu_c.o [1]
OSTaskSwHook                 0x2943    0x34  Code  Gb  os_cpu_c.o [1]
OSTickCtr               0x2000'39f0     0x4  Data  Gb  os_var.o [1]
OSTickTaskTCB           0x2000'3584    0xa4  Data  Gb  os_var.o [1]
OSTickTaskTimeMax       0x2000'39f4     0x4  Data  Gb  os_var.o [1]
OSTimeTick                   0x3f29    0x30  Code  Gb  os_time.o [1]
OSTimeTickHook               0x2977     0x2  Code  Gb  os_cpu_c.o [1]
OSTmrDbgListPtr         0x2000'39f8     0x4  Data  Gb  os_var.o [1]
OSTmrTaskTCB            0x2000'3628    0xa4  Data  Gb  os_var.o [1]
OSTmrTaskTimeMax        0x2000'39fc     0x4  Data  Gb  os_var.o [1]
OSTmrTickCtr            0x2000'3a00     0x4  Data  Gb  os_var.o [1]
OSTmrUpdateCnt          0x2000'3a04     0x4  Data  Gb  os_var.o [1]
OSTmrUpdateCtr          0x2000'3a08     0x4  Data  Gb  os_var.o [1]
OS_CPU_ExceptStkBase    0x2000'39c8     0x4  Data  Gb  os_cpu_c.o [1]
OS_CPU_PendSVHandler         0x3e9f          Code  Gb  os_cpu_a.o [1]
OS_CPU_SysTickHandler        0x2979    0x2a  Code  Gb  os_cpu_c.o [1]
OS_CPU_SysTickInit           0x29a3    0x24  Code  Gb  os_cpu_c.o [1]
OS_Dbg_Init                  0x3ab5   0x16c  Code  Gb  os_dbg.o [1]
OS_IdleTask                  0x234f    0x28  Code  Gb  os_core.o [1]
OS_IdleTaskInit              0x2377    0x52  Code  Gb  os_core.o [1]
OS_MsgPoolCreate             0x36d9    0x40  Code  Gb  os_msg.o [1]
OS_MsgPoolInit               0x3719    0x24  Code  Gb  os_msg.o [1]
OS_MsgQFreeAll               0x373d    0x3e  Code  Gb  os_msg.o [1]
OS_MsgQInit                  0x377b    0x14  Code  Gb  os_msg.o [1]
OS_MutexInit                 0x379d    0x12  Code  Gb  os_mutex.o [1]
OS_Pend                      0x23c9    0x56  Code  Gb  os_core.o [1]
OS_PendDataInit              0x241f    0x3a  Code  Gb  os_core.o [1]
OS_PendDbgNameAdd            0x2459    0x42  Code  Gb  os_core.o [1]
OS_PendDbgNameRemove         0x249b    0x1c  Code  Gb  os_core.o [1]
OS_PendListInsertPrio        0x24bd    0x72  Code  Gb  os_core.o [1]
OS_PendListRemove            0x252f    0x2e  Code  Gb  os_core.o [1]
OS_PendListRemove1           0x255d    0x48  Code  Gb  os_core.o [1]
OS_PeriodicTaskRdy           0x358f    0x5c  Code  Gb  os_tick.o [1]
OS_Post                      0x25a5    0xc0  Code  Gb  os_core.o [1]
OS_Post1                     0x2665    0x2a  Code  Gb  os_core.o [1]
OS_PrioGetHighest            0x2a05    0x20  Code  Gb  os_prio.o [1]
OS_PrioInit                  0x29f1    0x14  Code  Gb  os_prio.o [1]
OS_PrioInsert                0x2a25    0x2a  Code  Gb  os_prio.o [1]
OS_PrioRemove                0x2a4f    0x2c  Code  Gb  os_prio.o [1]
OS_QInit                     0x37b9    0x12  Code  Gb  os_q.o [1]
OS_RdyListInit               0x268f    0x2c  Code  Gb  os_core.o [1]
OS_RdyListInsert             0x26bb    0x2c  Code  Gb  os_core.o [1]
OS_RdyListInsertHead         0x26e7    0x3a  Code  Gb  os_core.o [1]
OS_RdyListInsertTail         0x2721    0x38  Code  Gb  os_core.o [1]
OS_RdyListRemove             0x2759    0x5c  Code  Gb  os_core.o [1]
OS_SchedLockTimeMeasStart
                             0x27b5    0x14  Code  Gb  os_core.o [1]
OS_SchedLockTimeMeasStop
                             0x27c9    0x2a  Code  Gb  os_core.o [1]
OS_SkipListInit              0x3583     0xc  Code  Gb  os_tick.o [1]
OS_SkipListInsert            0x33bf   0x10e  Code  Gb  os_tick.o [1]
OS_SkipListRemove            0x3525    0x5e  Code  Gb  os_tick.o [1]
OS_SkipListUpdate            0x34cd    0x58  Code  Gb  os_tick.o [1]
OS_TaskBlock                 0x2855    0x38  Code  Gb  os_core.o [1]
OS_TaskDbgListAdd            0x2f01    0x26  Code  Gb  os_task.o [1]
OS_TaskDbgListRemove         0x2f27    0x4a  Code  Gb  os_task.o [1]
OS_TaskInit                  0x2f71    0x18  Code  Gb  os_task.o [1]
OS_TaskInitTCB               0x2f89    0xc6  Code  Gb  os_task.o [1]
OS_TaskRdy                   0x288d    0x1a  Code  Gb  os_core.o [1]
OS_TaskReturn                0x304f    0x14  Code  Gb  os_task.o [1]
OS_TaskSemPost               0x3069    0xd4  Code  Gb  os_task.o [1]
OS_TickListInit              0x31ff    0x2e  Code  Gb  os_tick.o [1]
OS_TickListInsert            0x322d   0x12a  Code  Gb  os_tick.o [1]
OS_TickListRemove            0x3357    0x42  Code  Gb  os_tick.o [1]
OS_TickTask                  0x3161    0x26  Code  Gb  os_tick.o [1]
OS_TickTaskInit              0x3187    0x78  Code  Gb  os_tick.o [1]
OS_TmrInit                   0x37d5    0xda  Code  Gb  os_tmr.o [1]
OS_TmrLink                   0x38af    0xd0  Code  Gb  os_tmr.o [1]
OS_TmrTask                   0x39cd    0xa6  Code  Gb  os_tmr.o [1]
OS_TmrUnlink                 0x397f    0x4c  Code  Gb  os_tmr.o [1]
PWMGenConfigure              0x53c1    0x3c  Code  Gb  pwm.o [1]
PWMGenEnable                 0x541f     0xe  Code  Gb  pwm.o [1]
PWMGenPeriodSet              0x53fd    0x22  Code  Gb  pwm.o [1]
PWMOutputInvert              0x5487    0x2c  Code  Gb  pwm.o [1]
PWMOutputState               0x545b    0x2c  Code  Gb  pwm.o [1]
PWMPulseWidthSet             0x542d    0x2e  Code  Gb  pwm.o [1]
Region$$Table$$Base          0x6284           --   Gb  - Linker created -
Region$$Table$$Limit         0x62a4           --   Gb  - Linker created -
Right_tgt               0x2000'3a2b     0x1  Data  Gb  app.o [1]
RoboTurn                     0x5771    0xca  Code  Gb  app.o [1]
SysCtlClockGet               0x4361   0x1a2  Code  Gb  sysctl.o [1]
SysCtlClockSet               0x41f5   0x16c  Code  Gb  sysctl.o [1]
SysCtlDelay                  0x41ed     0x8  Code  Gb  sysctl.o [1]
SysCtlPWMClockSet            0x4503     0xe  Code  Gb  sysctl.o [1]
SysCtlPeripheralEnable       0x41c1    0x2c  Code  Gb  sysctl.o [1]
SysCtlPeripheralReset        0x4161    0x60  Code  Gb  sysctl.o [1]
_Close_all                   0x6119    0x3c  Code  Gb  xcloseall.o [2]
_Encoding_8859_1_Mbrlen
                             0x12c1     0x2  Code  Gb  xencoding_8859_1.o [2]
_Encoding_8859_1_Wctomb
                             0x12af    0x12  Code  Gb  xencoding_8859_1.o [2]
_FProut                      0x634d    0x18  Code  Gb  xfprout.o [2]
_Files                  0x2000'00d8    0x20  Data  Gb  xfiles.o [2]
_Fofree                      0x5e0d    0x96  Code  Gb  xfofind.o [2]
_Fspos                       0x5a1d    0xd8  Code  Gb  xfspos.o [2]
_Fwprep                      0x5d35    0xb4  Code  Gb  xfwprep.o [2]
_LitobFull                   0x102f   0x10a  Code  Lc  xprintffull.o [2]
_Locale_lconv           0x2000'0100    0x38  Data  Lc  xlocale_c.o [2]
_Nnl                         0x5ba1     0xc  Code  Gb  xfgpos.o [2]
_PrintfFull                   0x11d   0xcc4  Code  Gb  xprintffull.o [2]
_PutcharsFull                0x11a1    0x2e  Code  Lc  xprintffull.o [2]
_PutstrFull                   0xf6f    0xc0  Code  Lc  xprintffull.o [2]
_PuttxtFull                   0xe63   0x10c  Code  Lc  xprintffull.o [2]
_Rand_idx               0x2000'374c     0x4  Data  Lc  rand.o [2]
_Rand_rv                0x2000'36cc    0x80  Data  Lc  rand.o [2]
_Randinit               0x2000'00f8     0x1  Data  Gb  rand.o [2]
_Randseed               0x2000'00fc     0x4  Data  Gb  rand.o [2]
__aeabi_cdcmple              0x14b5          Code  Gb  DblCmpLe.o [3]
__aeabi_cdrcmple             0x14e5          Code  Gb  DblCmpGe.o [3]
__aeabi_d2iz                 0x1651          Code  Gb  DblToS32.o [3]
__aeabi_d2uiz                0x19dd          Code  Gb  DblToU32.o [3]
__aeabi_ddiv                 0x1795          Code  Gb  DblDiv.o [3]
__aeabi_dmul                 0x1a21          Code  Gb  DblMul.o [3]
__aeabi_dsub                 0x16b1          Code  Gb  DblSub.o [3]
__aeabi_i2d                  0x168d          Code  Gb  S32ToDbl.o [3]
__aeabi_ldiv0                0x1f71          Code  Gb  I64DivZer.o [4]
__aeabi_memcpy               0x139d          Code  Gb  ABImemcpy.o [4]
__aeabi_memcpy4              0x13bd          Code  Gb  ABImemcpy.o [4]
__aeabi_memcpy8              0x13bd          Code  Gb  ABImemcpy.o [4]
__aeabi_ui2d                 0x1a05          Code  Gb  U32ToDbl.o [3]
__aeabi_uldivmod             0x1bcd          Code  Gb  I64DivMod.o [4]
__basic_free                 0x5963    0x16  Code  Gb  heap0.o [2]
__basic_free_intern          0x5979    0x74  Code  Lc  heap0.o [2]
__basic_malloc               0x58b9    0x18  Code  Gb  heap0.o [2]
__basic_malloc_intern        0x58d1    0x92  Code  Lc  heap0.o [2]
__cexit_closeall             0x630f          Code  Gb  cexit.o [4]
__close                      0x5f2b    0x18  Code  Gb  close.o [5]
__cmain                      0x62e5          Code  Gb  cmain.o [4]
__cstart_closeall            0x6534          Data  Gb  cstart_closeall.o [4]
__data_GetMemChunk           0x59f1    0x2c  Code  Gb  xgetmemchunk.o [2]
__data_GetMemChunk::start
                        0x2000'3a18     0x4  Data  Lc  xgetmemchunk.o [2]
__dwrite                     0x5cd5    0x1e  Code  Gb  dwrite.o [5]
__exit                       0x1f75    0x14  Code  Gb  exit.o [5]
__iar_Fail_s                 0x12cd    0x1c  Code  Gb  xfail_s.o [2]
__iar_Mbcurmax               0x1bc3     0xa  Code  Gb  xmbcurmax.o [2]
__iar_Memchr                 0x1345          Code  Gb  memchr.o [4]
__iar_Stderr            0x2000'0090    0x48  Data  Gb  xfiles.o [2]
__iar_Stdin             0x2000'0000    0x48  Data  Gb  xfiles.o [2]
__iar_Stdout            0x2000'0048    0x48  Data  Gb  xfiles.o [2]
__iar_Strchr                 0x1299          Code  Gb  strchr.o [4]
__iar_close_ttio             0x1f89    0x2c  Code  Gb  iarttio.o [5]
__iar_dadd                   0x16c1          Code  Gb  DblSub.o [3]
__iar_data_init3             0x625d    0x28  Code  Gb  data_init.o [4]
__iar_dsub                   0x1e05          Code  Gb  DblAdd.o [3]
__iar_dsubStart              0x1e17          Code  Gb  DblAdd.o [3]
__iar_frexp                  0x1451          Code  Gb  frexp.o [3]
__iar_frexp64                0x1445          Code  Gb  frexp.o [3]
__iar_frexpl                 0x1451          Code  Gb  frexp.o [3]
__iar_get_ttio               0x1fb5    0x4c  Code  Gb  iarttio.o [5]
__iar_globLocale        0x2000'0138    0x48  Data  Lc  xlocale_c.o [2]
__iar_global_Locale          0x121d     0x4  Code  Gb  xlocale_c.o [2]
__iar_ldexp64                0x1515          Code  Gb  ldexp.o [3]
__iar_lookup_ttioh           0x2033     0x4  Code  Gb  XShttio.o [2]
__iar_lz77_init_single3
                             0x5f57    0x78  Code  Gb  lz77_init_single.o [4]
__iar_program_start          0x6469          Code  Gb  cstartup_M.o [4]
__iar_scalbln64              0x1515          Code  Gb  ldexp.o [3]
__iar_scalbn64               0x1515          Code  Gb  ldexp.o [3]
__iar_sh_Discard             0x5c09    0x42  Code  Gb  XShHandles.o [2]
__iar_sh_Move                0x5c4b    0x46  Code  Gb  XShHandles.o [2]
__iar_sh_Pos                 0x5c91    0x3e  Code  Gb  XShHandles.o [2]
__iar_sh_stdout              0x5cf3    0x20  Code  Gb  iarwstd.o [5]
__iar_sh_write               0x5d13    0x22  Code  Gb  iarwrite.o [5]
__iar_ttio_guard_lock        0x2005    0x1e  Code  Gb  XShttio.o [2]
__iar_ttio_guard_unlock
                             0x2023    0x10  Code  Gb  XShttio.o [2]
__iar_ttio_handles      0x2000'0180     0x8  Data  Lc  XShttio.o [2]
__iar_zero_init3             0x11e3    0x3a  Code  Gb  zero_init3.o [4]
__low_level_init             0x6303     0x4  Code  Gb  low_level_init.o [2]
__lseek                      0x5bad    0x4a  Code  Gb  lseek.o [5]
__time32                     0x58a5    0x12  Code  Gb  time.o [5]
__vector_table                  0x0   0x11c  Data  Gb  app_vect.o [1]
__write                      0x5bf7    0x10  Code  Gb  write.o [5]
_call_main                   0x62f1          Code  Gb  cmain.o [4]
_exit                        0x630d          Code  Gb  cexit.o [4]
_gLocale_mblen               0x1285     0x4  Code  Gb  xlocale_c.o [2]
_gLocale_mblenInt            0x1249    0x2c  Code  Gb  xlocale_c.o [2]
_gLocale_wctomb              0x1289     0x4  Code  Gb  xlocale_c.o [2]
_gLocale_wctombInt           0x1281     0x4  Code  Gb  xlocale_c.o [2]
_main                        0x62ff          Code  Gb  cmain.o [4]
abort                        0x1dfd     0x6  Code  Gb  abort.o [2]
addPeriodicTask              0x35eb    0x20  Code  Gb  os_tick.o [1]
ebuf                    0x2000'38a0    0x50  Data  Lc  xfiles.o [2]
endTask                      0x360b     0xc  Code  Gb  os_tick.o [1]
exit                         0x6307     0x4  Code  Gb  exit.o [2]
fclose                       0x5ead    0x7e  Code  Gb  fclose.o [2]
fflush                       0x5b69    0x34  Code  Gb  fflush.o [2]
fflushOne                    0x5af5    0x74  Code  Lc  fflush.o [2]
fprintf                      0x401d    0x3c  Code  Gb  fprintf.o [2]
fputc                        0x602d    0x54  Code  Gb  fputc.o [2]
free                         0x5ea9     0x4  Code  Gb  heaptramp0.o [2]
frexp                        0x1445          Code  Gb  frexp.o [3]
frexpl                       0x1445          Code  Gb  frexp.o [3]
fseek                        0x5de9    0x24  Code  Gb  fseek.o [2]
g_pucRITInit                 0x6080    0x50  Data  Lc  bsp_display.o [1]
g_pucRow1                    0x647c     0x8  Data  Lc  bsp_display.o [1]
g_pucRow2                    0x6484     0x8  Data  Lc  bsp_display.o [1]
g_pulGPIOBaseAddrs           0x60d0    0x48  Data  Lc  gpio.o [1]
g_pulRCGCRegs                0x6450     0xc  Data  Lc  sysctl.o [1]
g_pulSRCRRegs                0x6444     0xc  Data  Lc  sysctl.o [1]
g_pulXtals                   0x5fd0    0x5c  Data  Lc  sysctl.o [1]
g_ulDelay               0x2000'39ac     0x4  Data  Lc  bsp_display.o [1]
head                    0x2000'3990     0x8  Data  Gb  os_tick.o [1]
isNew                   0x2000'39cc     0x4  Data  Gb  os_tick.o [1]
ldexp                        0x1515          Code  Gb  ldexp.o [3]
ldexpl                       0x1515          Code  Gb  ldexp.o [3]
localeconv                   0x128d     0x4  Code  Gb  xlocale_c.o [2]
main                         0x54b5    0x5a  Code  Gb  app.o [1]
memchr                       0x1345          Code  Gb  memchr.o [4]
obuf                    0x2000'38f0    0x50  Data  Lc  xfiles.o [2]
printSkipList                0x3617    0x52  Code  Gb  os_tick.o [1]
rand                         0x3f6d    0x94  Code  Gb  rand.o [2]
randomLevel                  0x3399    0x26  Code  Gb  os_tick.o [1]
remove                       0x5f43    0x14  Code  Gb  remove.o [5]
sFileInfo               0x2000'3750    0x80  Data  Lc  XShHandles.o [2]
scalbln                      0x1515          Code  Gb  ldexp.o [3]
scalblnl                     0x1515          Code  Gb  ldexp.o [3]
scalbn                       0x1515          Code  Gb  ldexp.o [3]
scalbnl                      0x1515          Code  Gb  ldexp.o [3]
scale                        0x1139    0x46  Code  Lc  xprintffull.o [2]
sec_hand                0x2000'3a14     0x4  Data  Lc  xfail_s.o [2]
srand                        0x4001     0xa  Code  Gb  rand.o [2]
strchr                       0x1299          Code  Gb  strchr.o [4]
strlen                       0x130d          Code  Gb  strlen.o [4]
time                         0x58a1     0x4  Code  Gb  time_trampoline.o [2]
ttio_guard              0x2000'3a32     0x1  Data  Lc  XShttio.o [2]


[1] = C:\Users\rboui\Desktop\COURSES NTU\CE4057 TCC\TEST\Source_Code_CE4057\Software\EvalBoards\TI\LM3S9B92-EVALBOT\IAR\uCOS-III-CE4053_PG\Flash\Obj
[2] = dl7M_tlf.a
[3] = m7M_tl.a
[4] = rt7M_tl.a
[5] = shb_l.a

  24'487 bytes of readonly  code memory
   1'548 bytes of readonly  data memory
  15'923 bytes of readwrite data memory

Errors: none
Warnings: none
